# Share files between Windows and Linux via SMB/CIFS

$ apt-get install samba
......

Setting up samba-common (2:4.7.6+dfsg~ubuntu-0ubuntu2.21) ...

Creating config file /etc/samba/smb.conf with new version
Setting up libgpgme11:amd64 (1.10.0-1ubuntu1) ...
Setting up libcephfs2 (12.2.13-0ubuntu0.18.04.4) ...
Processing triggers for libc-bin (2.27-3ubuntu1.2) ...
Processing triggers for systemd (237-3ubuntu10.38) ...
Setting up tdb-tools (1.3.15-2) ...
update-alternatives: using /usr/bin/tdbbackup.tdbtools to provide /usr/bin/tdbbackup (tdbbackup) in auto mode
Processing triggers for man-db (2.8.3-2) ...
Setting up libtalloc2:amd64 (2.1.10-2ubuntu1) ...
Setting up attr (1:2.4.47-2build1) ...
Setting up libavahi-common-data:amd64 (0.7-3.1ubuntu1.2) ...
Setting up python-talloc (2.1.10-2ubuntu1) ...
Setting up libtevent0:amd64 (0.9.34-1) ...
Setting up libavahi-common3:amd64 (0.7-3.1ubuntu1.2) ...
Setting up libldb1:amd64 (2:1.2.3-1ubuntu0.1) ...
Setting up libavahi-client3:amd64 (0.7-3.1ubuntu1.2) ...
Setting up libcups2:amd64 (2.2.7-1ubuntu2.8) ...
Setting up python-ldb:amd64 (2:1.2.3-1ubuntu0.1) ...
Setting up samba-libs:amd64 (2:4.7.6+dfsg~ubuntu-0ubuntu2.21) ...
Setting up samba-vfs-modules (2:4.7.6+dfsg~ubuntu-0ubuntu2.21) ...
Setting up python-samba (2:4.7.6+dfsg~ubuntu-0ubuntu2.21) ...
Setting up samba-common-bin (2:4.7.6+dfsg~ubuntu-0ubuntu2.21) ...
Setting up samba-dsdb-modules (2:4.7.6+dfsg~ubuntu-0ubuntu2.21) ...
Setting up samba (2:4.7.6+dfsg~ubuntu-0ubuntu2.21) ...
Samba is not being run as an AD Domain Controller, masking samba-ad-dc.service.
Please ignore the following error about deb-systemd-helper not finding samba-ad-dc.service.
Created symlink /etc/systemd/system/multi-user.target.wants/nmbd.service → /lib/systemd/system/nmbd.service.
Failed to preset unit: Unit file /etc/systemd/system/samba-ad-dc.service is masked.
/usr/bin/deb-systemd-helper: error: systemctl preset failed on samba-ad-dc.service: No such file or directory
Created symlink /etc/systemd/system/multi-user.target.wants/smbd.service → /lib/systemd/system/smbd.service.
Processing triggers for libc-bin (2.27-3ubuntu1.2) ...
Processing triggers for ureadahead (0.100.0-20) ...
Processing triggers for systemd (237-3ubuntu10.38) ...
Processing triggers for ufw (0.35-5) ...
Rules updated for profile 'Apache'
Skipped reloading firewall

$ cp /etc/samba/smb.conf /etc/samba/smb.conf.orig
$ smbpasswd -a bmc

$ vim /etc/samba/smb.conf     # Append the following

[cifs_share]             # smb://cifs_server_ip/cifs_share/
comment = My NFS/CIFS Share
path = /mnt/nfs_share    # The directory can be the same as NFS shared directory
browsable = yes
# valid users = bmc
read only = no
create mask = 0755
guest ok = yes            # No password required; [global] map to guest = Bad User

$ systemctl restart smbd

$ ufw app list
Available applications:
  Apache
  Apache Full
  Apache Secure
  OpenSSH
  Samba

$ ufw allow Samba
Rule added
Rule added (v6)

$ ufw status         # nfs uses 2049, 111, and 59185
Status: active

To                         Action      From
--                         ------      ----
2049                       ALLOW       Anywhere        
22/tcp                     ALLOW       Anywhere                  
Apache                     ALLOW       Anywhere                  
111                        ALLOW       Anywhere            
59185                      ALLOW       Anywhere             
Samba                      ALLOW       Anywhere                  
22/tcp (v6)                ALLOW       Anywhere (v6)             
Apache (v6)                ALLOW       Anywhere (v6)             
Samba (v6)                 ALLOW       Anywhere (v6)    

# Debugging
$ vim /etc/samba/smb.conf

# This tells Samba to use a separate log file for each machine
# that connects
   log file = /var/log/samba/log.%m

   log level = 3 passdb:5 auth:5

$ tail -f /var/log/samba/log.1.2.3.4       # 1.2.3.4 is the IP of the host accessing CIFS share
